Release 14.6 - xst P.68d (nt64)
Copyright (c) 1995-2013 Xilinx, Inc.  All rights reserved.
--> Parameter TMPDIR set to xst/projnav.tmp


Total REAL time to Xst completion: 0.00 secs
Total CPU time to Xst completion: 0.11 secs
 
--> Parameter xsthdpdir set to xst


Total REAL time to Xst completion: 0.00 secs
Total CPU time to Xst completion: 0.12 secs
 
--> Reading design: locker.prj

TABLE OF CONTENTS
  1) Synthesis Options Summary
  2) HDL Parsing
  3) HDL Elaboration
  4) HDL Synthesis
       4.1) HDL Synthesis Report
  5) Advanced HDL Synthesis
       5.1) Advanced HDL Synthesis Report
  6) Low Level Synthesis
  7) Partition Report
  8) Design Summary
       8.1) Primitive and Black Box Usage
       8.2) Device utilization summary
       8.3) Partition Resource Summary
       8.4) Timing Report
            8.4.1) Clock Information
            8.4.2) Asynchronous Control Signals Information
            8.4.3) Timing Summary
            8.4.4) Timing Details
            8.4.5) Cross Clock Domains Report


=========================================================================
*                      Synthesis Options Summary                        *
=========================================================================
---- Source Parameters
Input File Name                    : "locker.prj"
Ignore Synthesis Constraint File   : NO

---- Target Parameters
Output File Name                   : "locker"
Output Format                      : NGC
Target Device                      : xc6slx16-3-csg324

---- Source Options
Top Module Name                    : locker
Automatic FSM Extraction           : YES
FSM Encoding Algorithm             : Auto
Safe Implementation                : No
FSM Style                          : LUT
RAM Extraction                     : Yes
RAM Style                          : Auto
ROM Extraction                     : Yes
Shift Register Extraction          : YES
ROM Style                          : Auto
Resource Sharing                   : YES
Asynchronous To Synchronous        : NO
Shift Register Minimum Size        : 2
Use DSP Block                      : Auto
Automatic Register Balancing       : No

---- Target Options
LUT Combining                      : Auto
Reduce Control Sets                : Auto
Add IO Buffers                     : YES
Global Maximum Fanout              : 100000
Add Generic Clock Buffer(BUFG)     : 16
Register Duplication               : YES
Optimize Instantiated Primitives   : NO
Use Clock Enable                   : Auto
Use Synchronous Set                : Auto
Use Synchronous Reset              : Auto
Pack IO Registers into IOBs        : Auto
Equivalent register Removal        : YES

---- General Options
Optimization Goal                  : Speed
Optimization Effort                : 1
Power Reduction                    : NO
Keep Hierarchy                     : No
Netlist Hierarchy                  : As_Optimized
RTL Output                         : Yes
Global Optimization                : AllClockNets
Read Cores                         : YES
Write Timing Constraints           : NO
Cross Clock Analysis               : NO
Hierarchy Separator                : /
Bus Delimiter                      : <>
Case Specifier                     : Maintain
Slice Utilization Ratio            : 100
BRAM Utilization Ratio             : 100
DSP48 Utilization Ratio            : 100
Auto BRAM Packing                  : NO
Slice Utilization Ratio Delta      : 5

=========================================================================


=========================================================================
*                          HDL Parsing                                  *
=========================================================================
Analyzing Verilog file "C:\Users\152\cs64\lab4\lab4\two_digit_ssd.v" into library work
Parsing module <two_digit_ssd>.
Analyzing Verilog file "C:\Users\152\cs64\lab4\lab4\two_digit_controller.v" into library work
Parsing module <two_digit_controller>.
Analyzing Verilog file "C:\Users\152\cs64\lab4\lab4\numpad_decoder.v" into library work
Parsing module <numpad_decoder>.
Analyzing Verilog file "C:\Users\152\cs64\lab4\lab4\main_controller.v" into library work
Parsing module <main_controller>.
Analyzing Verilog file "C:\Users\152\cs64\lab4\lab4\four_digit_ssd.v" into library work
Parsing module <four_digit_ssd>.
Analyzing Verilog file "C:\Users\152\cs64\lab4\lab4\four_digit_controller.v" into library work
Parsing module <four_digit_controller>.
Analyzing Verilog file "C:\Users\152\cs64\lab4\lab4\debouncer.v" into library work
Parsing module <debouncer>.
Analyzing Verilog file "C:\Users\152\cs64\lab4\lab4\locker.v" into library work
Parsing module <locker>.

=========================================================================
*                            HDL Elaboration                            *
=========================================================================

Elaborating module <locker>.

Elaborating module <debouncer>.
WARNING:HDLCompiler:413 - "C:\Users\152\cs64\lab4\lab4\debouncer.v" Line 42: Result of 20-bit expression is truncated to fit in 19-bit target.

Elaborating module <main_controller>.
WARNING:HDLCompiler:872 - "C:\Users\152\cs64\lab4\lab4\main_controller.v" Line 40: Using initial value of bad_digit since it is never assigned
WARNING:HDLCompiler:1127 - "C:\Users\152\cs64\lab4\lab4\main_controller.v" Line 49: Assignment to first_val_digit ignored, since the identifier is never used

Elaborating module <numpad_decoder>.
WARNING:HDLCompiler:872 - "C:\Users\152\cs64\lab4\lab4\numpad_decoder.v" Line 33: Using initial value of invalid_digit since it is never assigned

Elaborating module <two_digit_controller>.
WARNING:HDLCompiler:872 - "C:\Users\152\cs64\lab4\lab4\two_digit_controller.v" Line 33: Using initial value of blank_digit since it is never assigned

Elaborating module <two_digit_ssd>.
WARNING:HDLCompiler:872 - "C:\Users\152\cs64\lab4\lab4\two_digit_ssd.v" Line 36: Using initial value of nothing since it is never assigned
WARNING:HDLCompiler:413 - "C:\Users\152\cs64\lab4\lab4\two_digit_ssd.v" Line 70: Result of 21-bit expression is truncated to fit in 20-bit target.
WARNING:HDLCompiler:413 - "C:\Users\152\cs64\lab4\lab4\two_digit_ssd.v" Line 92: Result of 21-bit expression is truncated to fit in 20-bit target.

Elaborating module <four_digit_controller>.

Elaborating module <four_digit_ssd>.
WARNING:HDLCompiler:413 - "C:\Users\152\cs64\lab4\lab4\four_digit_ssd.v" Line 89: Result of 3-bit expression is truncated to fit in 2-bit target.
WARNING:HDLCompiler:413 - "C:\Users\152\cs64\lab4\lab4\four_digit_ssd.v" Line 92: Result of 19-bit expression is truncated to fit in 18-bit target.

=========================================================================
*                           HDL Synthesis                               *
=========================================================================

Synthesizing Unit <locker>.
    Related source file is "C:\Users\152\cs64\lab4\lab4\locker.v".
    Summary:
	no macro.
Unit <locker> synthesized.

Synthesizing Unit <debouncer>.
    Related source file is "C:\Users\152\cs64\lab4\lab4\debouncer.v".
    Found 1-bit register for signal <old_enter>.
    Found 19-bit register for signal <sclk>.
    Found 1-bit register for signal <enter_d>.
    Found 19-bit adder for signal <sclk[18]_GND_2_o_add_2_OUT> created at line 42.
    Summary:
	inferred   1 Adder/Subtractor(s).
	inferred  21 D-type flip-flop(s).
Unit <debouncer> synthesized.

Synthesizing Unit <main_controller>.
    Related source file is "C:\Users\152\cs64\lab4\lab4\main_controller.v".
    Found 1-bit register for signal <enter_pressed>.
    Found 1-bit register for signal <old_enter>.
    Found 8-bit register for signal <state>.
    Found finite state machine <FSM_0> for signal <state>.
    -----------------------------------------------------------------------
    | States             | 3                                              |
    | Transitions        | 10                                             |
    | Inputs             | 3                                              |
    | Outputs            | 2                                              |
    | Clock              | clk (rising_edge)                              |
    | Power Up State     | 00000000                                       |
    | Encoding           | auto                                           |
    | Implementation     | LUT                                            |
    -----------------------------------------------------------------------
    Summary:
	inferred   2 D-type flip-flop(s).
	inferred   1 Finite State Machine(s).
Unit <main_controller> synthesized.

Synthesizing Unit <numpad_decoder>.
    Related source file is "C:\Users\152\cs64\lab4\lab4\numpad_decoder.v".
    Found 20-bit register for signal <sclk>.
    Found 4-bit register for signal <DecodeOut>.
    Found 1-bit register for signal <row_did_not_change<2>>.
    Found 1-bit register for signal <row_did_not_change<1>>.
    Found 1-bit register for signal <row_did_not_change<0>>.
    Found 1-bit register for signal <digit_changed>.
    Found 4-bit register for signal <Col>.
    Found 20-bit adder for signal <sclk[19]_GND_4_o_add_48_OUT> created at line 179.
    Summary:
	inferred   1 Adder/Subtractor(s).
	inferred  32 D-type flip-flop(s).
	inferred  25 Multiplexer(s).
Unit <numpad_decoder> synthesized.

Synthesizing Unit <two_digit_controller>.
    Related source file is "C:\Users\152\cs64\lab4\lab4\two_digit_controller.v".
    Found 4-bit register for signal <second_digit>.
    Found 1-bit register for signal <old_digit_changed>.
    Found 4-bit register for signal <first_digit>.
    Summary:
	inferred   9 D-type flip-flop(s).
	inferred   2 Multiplexer(s).
Unit <two_digit_controller> synthesized.

Synthesizing Unit <two_digit_ssd>.
    Related source file is "C:\Users\152\cs64\lab4\lab4\two_digit_ssd.v".
WARNING:Xst:2999 - Signal 'numbers', unconnected in block 'two_digit_ssd', is tied to its initial value.
WARNING:Xst:3035 - Index value(s) does not match array range for signal <numbers>, simulation mismatch.
    Found 11x7-bit dual-port Read Only RAM <Mram_numbers> for signal <numbers>.
    Found 7-bit register for signal <cathodes>.
    Found 20-bit register for signal <sclk>.
    Found 1-bit register for signal <anode>.
    Found 20-bit adder for signal <sclk[19]_GND_6_o_add_10_OUT> created at line 92.
    Summary:
	inferred   1 RAM(s).
	inferred   1 Adder/Subtractor(s).
	inferred  28 D-type flip-flop(s).
	inferred   1 Multiplexer(s).
Unit <two_digit_ssd> synthesized.

Synthesizing Unit <four_digit_controller>.
    Related source file is "C:\Users\152\cs64\lab4\lab4\four_digit_controller.v".
    Found 3-bit register for signal <to_display>.
    Summary:
	inferred   3 D-type flip-flop(s).
	inferred   1 Multiplexer(s).
Unit <four_digit_controller> synthesized.

Synthesizing Unit <four_digit_ssd>.
    Related source file is "C:\Users\152\cs64\lab4\lab4\four_digit_ssd.v".
WARNING:Xst:2999 - Signal 'words_to_display_4', unconnected in block 'four_digit_ssd', is tied to its initial value.
WARNING:Xst:2999 - Signal 'words_to_display_3', unconnected in block 'four_digit_ssd', is tied to its initial value.
WARNING:Xst:2999 - Signal 'words_to_display_2', unconnected in block 'four_digit_ssd', is tied to its initial value.
WARNING:Xst:2999 - Signal 'words_to_display_1', unconnected in block 'four_digit_ssd', is tied to its initial value.
WARNING:Xst:2999 - Signal 'words_to_display_0', unconnected in block 'four_digit_ssd', is tied to its initial value.
WARNING:Xst:2999 - Signal 'words_to_display_5', unconnected in block 'four_digit_ssd', is tied to its initial value.
WARNING:Xst:2999 - Signal 'words_to_display_6', unconnected in block 'four_digit_ssd', is tied to its initial value.
WARNING:Xst:2999 - Signal 'words_to_display_7', unconnected in block 'four_digit_ssd', is tied to its initial value.
    Found 4x7-bit single-port Read Only RAM <Mram_words_to_display_4> for signal <words_to_display_4>.
    Found 4x7-bit single-port Read Only RAM <Mram_words_to_display_3> for signal <words_to_display_3>.
    Found 4x7-bit single-port Read Only RAM <Mram_words_to_display_2> for signal <words_to_display_2>.
    Found 4x7-bit single-port Read Only RAM <Mram_words_to_display_1> for signal <words_to_display_1>.
    Found 4x7-bit single-port Read Only RAM <Mram_words_to_display_0> for signal <words_to_display_0>.
    Found 4x7-bit single-port Read Only RAM <Mram_words_to_display_5> for signal <words_to_display_5>.
    Found 4x7-bit single-port Read Only RAM <Mram_words_to_display_6> for signal <words_to_display_6>.
    Found 4x7-bit single-port Read Only RAM <Mram_words_to_display_7> for signal <words_to_display_7>.
    Found 4-bit register for signal <anodes>.
    Found 2-bit register for signal <cur_anode>.
    Found 18-bit register for signal <sclk>.
    Found 7-bit register for signal <cathodes>.
    Found 2-bit adder for signal <cur_anode[1]_GND_8_o_add_4_OUT> created at line 89.
    Found 18-bit adder for signal <sclk[17]_GND_8_o_add_5_OUT> created at line 92.
    Summary:
	inferred   8 RAM(s).
	inferred   2 Adder/Subtractor(s).
	inferred  31 D-type flip-flop(s).
Unit <four_digit_ssd> synthesized.

=========================================================================
HDL Synthesis Report

Macro Statistics
# RAMs                                                 : 9
 11x7-bit dual-port Read Only RAM                      : 1
 4x7-bit single-port Read Only RAM                     : 8
# Adders/Subtractors                                   : 5
 18-bit adder                                          : 1
 19-bit adder                                          : 1
 2-bit adder                                           : 1
 20-bit adder                                          : 2
# Registers                                            : 23
 1-bit register                                        : 10
 18-bit register                                       : 1
 19-bit register                                       : 1
 2-bit register                                        : 1
 20-bit register                                       : 2
 3-bit register                                        : 1
 4-bit register                                        : 5
 7-bit register                                        : 2
# Multiplexers                                         : 29
 1-bit 2-to-1 multiplexer                              : 14
 3-bit 2-to-1 multiplexer                              : 1
 4-bit 2-to-1 multiplexer                              : 13
 7-bit 2-to-1 multiplexer                              : 1
# FSMs                                                 : 1
# Xors                                                 : 12
 1-bit xor2                                            : 12

=========================================================================

=========================================================================
*                       Advanced HDL Synthesis                          *
=========================================================================


Synthesizing (advanced) Unit <debouncer>.
The following registers are absorbed into counter <sclk>: 1 register on signal <sclk>.
Unit <debouncer> synthesized (advanced).

Synthesizing (advanced) Unit <four_digit_ssd>.
The following registers are absorbed into counter <sclk>: 1 register on signal <sclk>.
The following registers are absorbed into counter <cur_anode>: 1 register on signal <cur_anode>.
INFO:Xst:3218 - HDL ADVISOR - The RAM <Mram_words_to_display_4> will be implemented on LUTs either because you have described an asynchronous read or because of currently unsupported block RAM features. If you have described an asynchronous read, making it synchronous would allow you to take advantage of available block RAM resources, for optimized device usage and improved timings. Please refer to your documentation for coding guidelines.
    -----------------------------------------------------------------------
    | ram_type           | Distributed                         |          |
    -----------------------------------------------------------------------
    | Port A                                                              |
    |     aspect ratio   | 4-word x 7-bit                      |          |
    |     weA            | connected to signal <GND>           | high     |
    |     addrA          | connected to signal <cur_anode>     |          |
    |     diA            | connected to signal <GND>           |          |
    |     doA            | connected to internal node          |          |
    -----------------------------------------------------------------------
INFO:Xst:3218 - HDL ADVISOR - The RAM <Mram_words_to_display_3> will be implemented on LUTs either because you have described an asynchronous read or because of currently unsupported block RAM features. If you have described an asynchronous read, making it synchronous would allow you to take advantage of available block RAM resources, for optimized device usage and improved timings. Please refer to your documentation for coding guidelines.
    -----------------------------------------------------------------------
    | ram_type           | Distributed                         |          |
    -----------------------------------------------------------------------
    | Port A                                                              |
    |     aspect ratio   | 4-word x 7-bit                      |          |
    |     weA            | connected to signal <GND>           | high     |
    |     addrA          | connected to signal <cur_anode>     |          |
    |     diA            | connected to signal <GND>           |          |
    |     doA            | connected to internal node          |          |
    -----------------------------------------------------------------------
INFO:Xst:3218 - HDL ADVISOR - The RAM <Mram_words_to_display_2> will be implemented on LUTs either because you have described an asynchronous read or because of currently unsupported block RAM features. If you have described an asynchronous read, making it synchronous would allow you to take advantage of available block RAM resources, for optimized device usage and improved timings. Please refer to your documentation for coding guidelines.
    -----------------------------------------------------------------------
    | ram_type           | Distributed                         |          |
    -----------------------------------------------------------------------
    | Port A                                                              |
    |     aspect ratio   | 4-word x 7-bit                      |          |
    |     weA            | connected to signal <GND>           | high     |
    |     addrA          | connected to signal <cur_anode>     |          |
    |     diA            | connected to signal <GND>           |          |
    |     doA            | connected to internal node          |          |
    -----------------------------------------------------------------------
INFO:Xst:3218 - HDL ADVISOR - The RAM <Mram_words_to_display_1> will be implemented on LUTs either because you have described an asynchronous read or because of currently unsupported block RAM features. If you have described an asynchronous read, making it synchronous would allow you to take advantage of available block RAM resources, for optimized device usage and improved timings. Please refer to your documentation for coding guidelines.
    -----------------------------------------------------------------------
    | ram_type           | Distributed                         |          |
    -----------------------------------------------------------------------
    | Port A                                                              |
    |     aspect ratio   | 4-word x 7-bit                      |          |
    |     weA            | connected to signal <GND>           | high     |
    |     addrA          | connected to signal <cur_anode>     |          |
    |     diA            | connected to signal <GND>           |          |
    |     doA            | connected to internal node          |          |
    -----------------------------------------------------------------------
INFO:Xst:3218 - HDL ADVISOR - The RAM <Mram_words_to_display_0> will be implemented on LUTs either because you have described an asynchronous read or because of currently unsupported block RAM features. If you have described an asynchronous read, making it synchronous would allow you to take advantage of available block RAM resources, for optimized device usage and improved timings. Please refer to your documentation for coding guidelines.
    -----------------------------------------------------------------------
    | ram_type           | Distributed                         |          |
    -----------------------------------------------------------------------
    | Port A                                                              |
    |     aspect ratio   | 4-word x 7-bit                      |          |
    |     weA            | connected to signal <GND>           | high     |
    |     addrA          | connected to signal <cur_anode>     |          |
    |     diA            | connected to signal <GND>           |          |
    |     doA            | connected to internal node          |          |
    -----------------------------------------------------------------------
INFO:Xst:3218 - HDL ADVISOR - The RAM <Mram_words_to_display_5> will be implemented on LUTs either because you have described an asynchronous read or because of currently unsupported block RAM features. If you have described an asynchronous read, making it synchronous would allow you to take advantage of available block RAM resources, for optimized device usage and improved timings. Please refer to your documentation for coding guidelines.
    -----------------------------------------------------------------------
    | ram_type           | Distributed                         |          |
    -----------------------------------------------------------------------
    | Port A                                                              |
    |     aspect ratio   | 4-word x 7-bit                      |          |
    |     weA            | connected to signal <GND>           | high     |
    |     addrA          | connected to signal <cur_anode>     |          |
    |     diA            | connected to signal <GND>           |          |
    |     doA            | connected to internal node          |          |
    -----------------------------------------------------------------------
INFO:Xst:3218 - HDL ADVISOR - The RAM <Mram_words_to_display_6> will be implemented on LUTs either because you have described an asynchronous read or because of currently unsupported block RAM features. If you have described an asynchronous read, making it synchronous would allow you to take advantage of available block RAM resources, for optimized device usage and improved timings. Please refer to your documentation for coding guidelines.
    -----------------------------------------------------------------------
    | ram_type           | Distributed                         |          |
    -----------------------------------------------------------------------
    | Port A                                                              |
    |     aspect ratio   | 4-word x 7-bit                      |          |
    |     weA            | connected to signal <GND>           | high     |
    |     addrA          | connected to signal <cur_anode>     |          |
    |     diA            | connected to signal <GND>           |          |
    |     doA            | connected to internal node          |          |
    -----------------------------------------------------------------------
INFO:Xst:3218 - HDL ADVISOR - The RAM <Mram_words_to_display_7> will be implemented on LUTs either because you have described an asynchronous read or because of currently unsupported block RAM features. If you have described an asynchronous read, making it synchronous would allow you to take advantage of available block RAM resources, for optimized device usage and improved timings. Please refer to your documentation for coding guidelines.
    -----------------------------------------------------------------------
    | ram_type           | Distributed                         |          |
    -----------------------------------------------------------------------
    | Port A                                                              |
    |     aspect ratio   | 4-word x 7-bit                      |          |
    |     weA            | connected to signal <GND>           | high     |
    |     addrA          | connected to signal <cur_anode>     |          |
    |     diA            | connected to signal <GND>           |          |
    |     doA            | connected to internal node          |          |
    -----------------------------------------------------------------------
Unit <four_digit_ssd> synthesized (advanced).

Synthesizing (advanced) Unit <numpad_decoder>.
The following registers are absorbed into counter <sclk>: 1 register on signal <sclk>.
Unit <numpad_decoder> synthesized (advanced).

Synthesizing (advanced) Unit <two_digit_ssd>.
The following registers are absorbed into counter <sclk>: 1 register on signal <sclk>.
INFO:Xst:3218 - HDL ADVISOR - The RAM <Mram_numbers> will be implemented on LUTs either because you have described an asynchronous read or because of currently unsupported block RAM features. If you have described an asynchronous read, making it synchronous would allow you to take advantage of available block RAM resources, for optimized device usage and improved timings. Please refer to your documentation for coding guidelines.
    -----------------------------------------------------------------------
    | ram_type           | Distributed                         |          |
    -----------------------------------------------------------------------
    | Port A                                                              |
    |     aspect ratio   | 11-word x 7-bit                     |          |
    |     weA            | connected to signal <GND>           | high     |
    |     addrA          | connected to signal <second_digit>  |          |
    |     diA            | connected to signal <GND>           |          |
    |     doA            | connected to internal node          |          |
    -----------------------------------------------------------------------
    | Port B                                                              |
    |     aspect ratio   | 11-word x 7-bit                     |          |
    |     weB            | connected to signal <GND>           | high     |
    |     addrB          | connected to signal <first_digit>   |          |
    |     diB            | connected to signal <GND>           |          |
    |     doB            | connected to internal node          |          |
    -----------------------------------------------------------------------
Unit <two_digit_ssd> synthesized (advanced).

=========================================================================
Advanced HDL Synthesis Report

Macro Statistics
# RAMs                                                 : 9
 11x7-bit dual-port distributed Read Only RAM          : 1
 4x7-bit single-port distributed Read Only RAM         : 8
# Counters                                             : 5
 18-bit up counter                                     : 1
 19-bit up counter                                     : 1
 2-bit up counter                                      : 1
 20-bit up counter                                     : 2
# Registers                                            : 47
 Flip-Flops                                            : 47
# Multiplexers                                         : 28
 1-bit 2-to-1 multiplexer                              : 14
 4-bit 2-to-1 multiplexer                              : 13
 7-bit 2-to-1 multiplexer                              : 1
# FSMs                                                 : 1
# Xors                                                 : 12
 1-bit xor2                                            : 12

=========================================================================

=========================================================================
*                         Low Level Synthesis                           *
=========================================================================
Analyzing FSM <MFsm> for best encoding.
Optimizing FSM <FSM_0> on signal <state[1:2]> with sequential encoding.
----------------------
 State    | Encoding
----------------------
 00000000 | 00
 00000010 | 01
 00000001 | 10
----------------------

Optimizing unit <locker> ...

Optimizing unit <numpad_decoder> ...

Optimizing unit <two_digit_controller> ...

Optimizing unit <two_digit_ssd> ...

Optimizing unit <four_digit_ssd> ...

Mapping all equations...
Building and optimizing final netlist ...
Found area constraint ratio of 100 (+ 5) on block locker, actual ratio is 2.

Final Macro Processing ...

=========================================================================
Final Register Report

Macro Statistics
# Registers                                            : 128
 Flip-Flops                                            : 128

=========================================================================

=========================================================================
*                           Partition Report                            *
=========================================================================

Partition Implementation Status
-------------------------------

  No Partitions were found in this design.

-------------------------------

=========================================================================
*                            Design Summary                             *
=========================================================================

Top Level Output File Name         : locker.ngc

Primitive and Black Box Usage:
------------------------------
# BELS                             : 382
#      GND                         : 1
#      INV                         : 6
#      LUT1                        : 73
#      LUT2                        : 9
#      LUT3                        : 40
#      LUT4                        : 26
#      LUT5                        : 14
#      LUT6                        : 62
#      MUXCY                       : 73
#      VCC                         : 1
#      XORCY                       : 77
# FlipFlops/Latches                : 128
#      FD                          : 50
#      FDE                         : 30
#      FDR                         : 37
#      FDRE                        : 9
#      FDSE                        : 2
# Clock Buffers                    : 1
#      BUFGP                       : 1
# IO Buffers                       : 28
#      IBUF                        : 5
#      OBUF                        : 23

Device utilization summary:
---------------------------

Selected Device : 6slx16csg324-3 


Slice Logic Utilization: 
 Number of Slice Registers:             128  out of  18224     0%  
 Number of Slice LUTs:                  230  out of   9112     2%  
    Number used as Logic:               230  out of   9112     2%  

Slice Logic Distribution: 
 Number of LUT Flip Flop pairs used:    235
   Number with an unused Flip Flop:     107  out of    235    45%  
   Number with an unused LUT:             5  out of    235     2%  
   Number of fully used LUT-FF pairs:   123  out of    235    52%  
   Number of unique control sets:        10

IO Utilization: 
 Number of IOs:                          29
 Number of bonded IOBs:                  29  out of    232    12%  

Specific Feature Utilization:
 Number of BUFG/BUFGCTRLs:                1  out of     16     6%  

---------------------------
Partition Resource Summary:
---------------------------

  No Partitions were found in this design.

---------------------------


=========================================================================
Timing Report

NOTE: THESE TIMING NUMBERS ARE ONLY A SYNTHESIS ESTIMATE.
      FOR ACCURATE TIMING INFORMATION PLEASE REFER TO THE TRACE REPORT
      GENERATED AFTER PLACE-and-ROUTE.

Clock Information:
------------------
-----------------------------------+------------------------+-------+
Clock Signal                       | Clock buffer(FF name)  | Load  |
-----------------------------------+------------------------+-------+
clk                                | BUFGP                  | 128   |
-----------------------------------+------------------------+-------+

Asynchronous Control Signals Information:
----------------------------------------
No asynchronous control signals found in this design

Timing Summary:
---------------
Speed Grade: -3

   Minimum period: 5.593ns (Maximum Frequency: 178.787MHz)
   Minimum input arrival time before clock: 4.993ns
   Maximum output required time after clock: 3.634ns
   Maximum combinational path delay: No path found

Timing Details:
---------------
All values displayed in nanoseconds (ns)

=========================================================================
Timing constraint: Default period analysis for Clock 'clk'
  Clock period: 5.593ns (frequency: 178.787MHz)
  Total number of paths / destination ports: 6581 / 216
-------------------------------------------------------------------------
Delay:               5.593ns (Levels of Logic = 4)
  Source:            numpad_decoder/sclk_17 (FF)
  Destination:       numpad_decoder/Col_3 (FF)
  Source Clock:      clk rising
  Destination Clock: clk rising

  Data Path: numpad_decoder/sclk_17 to numpad_decoder/Col_3
                                Gate     Net
    Cell:in->out      fanout   Delay   Delay  Logical Name (Net Name)
    ----------------------------------------  ------------
     FD:C->Q               3   0.447   0.898  numpad_decoder/sclk_17 (numpad_decoder/sclk_17)
     LUT4:I0->O            3   0.203   0.879  numpad_decoder/sclk[19]_GND_4_o_equal_14_o<19>221 (numpad_decoder/sclk[19]_GND_4_o_equal_14_o<19>22)
     LUT6:I3->O           32   0.205   1.539  numpad_decoder/sclk[19]_GND_4_o_equal_14_o<19>23 (numpad_decoder/sclk[19]_GND_4_o_equal_14_o<19>2)
     LUT4:I0->O            4   0.203   0.912  numpad_decoder/_n0309_inv1_rstpot (numpad_decoder/_n0309_inv1_rstpot)
     LUT3:I0->O            1   0.205   0.000  numpad_decoder/Col_0_dpot (numpad_decoder/Col_0_dpot)
     FDE:D                     0.102          numpad_decoder/Col_0
    ----------------------------------------
    Total                      5.593ns (1.365ns logic, 4.228ns route)
                                       (24.4% logic, 75.6% route)

=========================================================================
Timing constraint: Default OFFSET IN BEFORE for Clock 'clk'
  Total number of paths / destination ports: 106 / 17
-------------------------------------------------------------------------
Offset:              4.993ns (Levels of Logic = 4)
  Source:            Row<1> (PAD)
  Destination:       numpad_decoder/row_did_not_change_2 (FF)
  Destination Clock: clk rising

  Data Path: Row<1> to numpad_decoder/row_did_not_change_2
                                Gate     Net
    Cell:in->out      fanout   Delay   Delay  Logical Name (Net Name)
    ----------------------------------------  ------------
     IBUF:I->O            16   1.222   1.252  Row_1_IBUF (Row_1_IBUF)
     LUT4:I0->O            2   0.203   0.981  numpad_decoder/PWR_4_o_GND_4_o_MUX_40_o1 (numpad_decoder/PWR_4_o_GND_4_o_MUX_40_o)
     LUT6:I0->O            1   0.203   0.827  numpad_decoder/_n0258_inv2_SW0 (N50)
     LUT6:I2->O            1   0.203   0.000  numpad_decoder/row_did_not_change_2_rstpot (numpad_decoder/row_did_not_change_2_rstpot)
     FD:D                      0.102          numpad_decoder/row_did_not_change_2
    ----------------------------------------
    Total                      4.993ns (1.933ns logic, 3.060ns route)
                                       (38.7% logic, 61.3% route)

=========================================================================
Timing constraint: Default OFFSET OUT AFTER for Clock 'clk'
  Total number of paths / destination ports: 23 / 23
-------------------------------------------------------------------------
Offset:              3.634ns (Levels of Logic = 1)
  Source:            numpad_decoder/Col_3 (FF)
  Destination:       Col<3> (PAD)
  Source Clock:      clk rising

  Data Path: numpad_decoder/Col_3 to Col<3>
                                Gate     Net
    Cell:in->out      fanout   Delay   Delay  Logical Name (Net Name)
    ----------------------------------------  ------------
     FDE:C->Q              2   0.447   0.616  numpad_decoder/Col_3 (numpad_decoder/Col_3)
     OBUF:I->O                 2.571          Col_3_OBUF (Col<3>)
    ----------------------------------------
    Total                      3.634ns (3.018ns logic, 0.616ns route)
                                       (83.0% logic, 17.0% route)

=========================================================================

Cross Clock Domains Report:
--------------------------

Clock to Setup on destination clock clk
---------------+---------+---------+---------+---------+
               | Src:Rise| Src:Fall| Src:Rise| Src:Fall|
Source Clock   |Dest:Rise|Dest:Rise|Dest:Fall|Dest:Fall|
---------------+---------+---------+---------+---------+
clk            |    5.593|         |         |         |
---------------+---------+---------+---------+---------+

=========================================================================


Total REAL time to Xst completion: 9.00 secs
Total CPU time to Xst completion: 8.83 secs
 
--> 

Total memory usage is 259152 kilobytes

Number of errors   :    0 (   0 filtered)
Number of warnings :   20 (   0 filtered)
Number of infos    :    9 (   0 filtered)

